node : Database 
connection failed: 
querySrv ENOTFOUND _mo
ngodb._tcp.cluster0.rb
p3hqb.mongodb.net
At line:1 char:1
+ node test_db.js > 
test_output.txt 2>&1
+ ~~~~~~~~~~~~~~~~~~~~
~~~~~~~~~~~~~~~~~~
    + CategoryInfo    
          : 
NotSpecified: 
(Databas    e connec..
.hqb.mongodb.n    
et:String) [], 
RemoteExc    eption
    + 
FullyQualifiedErrorId 
    : 
NativeCommandError
 
